Archive member included to satisfy reference by file (symbol)

C:/ST/STM32CubeIDE_1.13.0/STM32CubeIDE/plugins/com.st.stm32cube.ide.mcu.externaltools.gnu-tools-for-stm32.13.3.rel1.win32_1.0.100.202509120712/tools/bin/../lib/gcc/arm-none-eabi/13.3.1/../../../../arm-none-eabi/lib/thumb/v7e-m+fp/hard\libc_nano.a(libc_a-exit.o)
                              C:/ST/STM32CubeIDE_1.13.0/STM32CubeIDE/plugins/com.st.stm32cube.ide.mcu.externaltools.gnu-tools-for-stm32.13.3.rel1.win32_1.0.100.202509120712/tools/bin/../lib/gcc/arm-none-eabi/13.3.1/../../../../arm-none-eabi/lib/thumb/v7e-m+fp/hard/crt0.o (exit)
C:/ST/STM32CubeIDE_1.13.0/STM32CubeIDE/plugins/com.st.stm32cube.ide.mcu.externaltools.gnu-tools-for-stm32.13.3.rel1.win32_1.0.100.202509120712/tools/bin/../lib/gcc/arm-none-eabi/13.3.1/../../../../arm-none-eabi/lib/thumb/v7e-m+fp/hard\libc_nano.a(libc_a-findfp.o)
                              C:/ST/STM32CubeIDE_1.13.0/STM32CubeIDE/plugins/com.st.stm32cube.ide.mcu.externaltools.gnu-tools-for-stm32.13.3.rel1.win32_1.0.100.202509120712/tools/bin/../lib/gcc/arm-none-eabi/13.3.1/../../../../arm-none-eabi/lib/thumb/v7e-m+fp/hard\libc_nano.a(libc_a-exit.o) (__stdio_exit_handler)
C:/ST/STM32CubeIDE_1.13.0/STM32CubeIDE/plugins/com.st.stm32cube.ide.mcu.externaltools.gnu-tools-for-stm32.13.3.rel1.win32_1.0.100.202509120712/tools/bin/../lib/gcc/arm-none-eabi/13.3.1/../../../../arm-none-eabi/lib/thumb/v7e-m+fp/hard\libc_nano.a(libc_a-fwalk.o)
                              C:/ST/STM32CubeIDE_1.13.0/STM32CubeIDE/plugins/com.st.stm32cube.ide.mcu.externaltools.gnu-tools-for-stm32.13.3.rel1.win32_1.0.100.202509120712/tools/bin/../lib/gcc/arm-none-eabi/13.3.1/../../../../arm-none-eabi/lib/thumb/v7e-m+fp/hard\libc_nano.a(libc_a-findfp.o) (_fwalk_sglue)
C:/ST/STM32CubeIDE_1.13.0/STM32CubeIDE/plugins/com.st.stm32cube.ide.mcu.externaltools.gnu-tools-for-stm32.13.3.rel1.win32_1.0.100.202509120712/tools/bin/../lib/gcc/arm-none-eabi/13.3.1/../../../../arm-none-eabi/lib/thumb/v7e-m+fp/hard\libc_nano.a(libc_a-stdio.o)
                              C:/ST/STM32CubeIDE_1.13.0/STM32CubeIDE/plugins/com.st.stm32cube.ide.mcu.externaltools.gnu-tools-for-stm32.13.3.rel1.win32_1.0.100.202509120712/tools/bin/../lib/gcc/arm-none-eabi/13.3.1/../../../../arm-none-eabi/lib/thumb/v7e-m+fp/hard\libc_nano.a(libc_a-findfp.o) (__sread)
C:/ST/STM32CubeIDE_1.13.0/STM32CubeIDE/plugins/com.st.stm32cube.ide.mcu.externaltools.gnu-tools-for-stm32.13.3.rel1.win32_1.0.100.202509120712/tools/bin/../lib/gcc/arm-none-eabi/13.3.1/../../../../arm-none-eabi/lib/thumb/v7e-m+fp/hard\libc_nano.a(libc_a-memset.o)
                              C:/ST/STM32CubeIDE_1.13.0/STM32CubeIDE/plugins/com.st.stm32cube.ide.mcu.externaltools.gnu-tools-for-stm32.13.3.rel1.win32_1.0.100.202509120712/tools/bin/../lib/gcc/arm-none-eabi/13.3.1/../../../../arm-none-eabi/lib/thumb/v7e-m+fp/hard/crt0.o (memset)
C:/ST/STM32CubeIDE_1.13.0/STM32CubeIDE/plugins/com.st.stm32cube.ide.mcu.externaltools.gnu-tools-for-stm32.13.3.rel1.win32_1.0.100.202509120712/tools/bin/../lib/gcc/arm-none-eabi/13.3.1/../../../../arm-none-eabi/lib/thumb/v7e-m+fp/hard\libc_nano.a(libc_a-closer.o)
                              C:/ST/STM32CubeIDE_1.13.0/STM32CubeIDE/plugins/com.st.stm32cube.ide.mcu.externaltools.gnu-tools-for-stm32.13.3.rel1.win32_1.0.100.202509120712/tools/bin/../lib/gcc/arm-none-eabi/13.3.1/../../../../arm-none-eabi/lib/thumb/v7e-m+fp/hard\libc_nano.a(libc_a-stdio.o) (_close_r)
C:/ST/STM32CubeIDE_1.13.0/STM32CubeIDE/plugins/com.st.stm32cube.ide.mcu.externaltools.gnu-tools-for-stm32.13.3.rel1.win32_1.0.100.202509120712/tools/bin/../lib/gcc/arm-none-eabi/13.3.1/../../../../arm-none-eabi/lib/thumb/v7e-m+fp/hard\libc_nano.a(libc_a-reent.o)
                              C:/ST/STM32CubeIDE_1.13.0/STM32CubeIDE/plugins/com.st.stm32cube.ide.mcu.externaltools.gnu-tools-for-stm32.13.3.rel1.win32_1.0.100.202509120712/tools/bin/../lib/gcc/arm-none-eabi/13.3.1/../../../../arm-none-eabi/lib/thumb/v7e-m+fp/hard\libc_nano.a(libc_a-closer.o) (errno)
C:/ST/STM32CubeIDE_1.13.0/STM32CubeIDE/plugins/com.st.stm32cube.ide.mcu.externaltools.gnu-tools-for-stm32.13.3.rel1.win32_1.0.100.202509120712/tools/bin/../lib/gcc/arm-none-eabi/13.3.1/../../../../arm-none-eabi/lib/thumb/v7e-m+fp/hard\libc_nano.a(libc_a-impure.o)
                              C:/ST/STM32CubeIDE_1.13.0/STM32CubeIDE/plugins/com.st.stm32cube.ide.mcu.externaltools.gnu-tools-for-stm32.13.3.rel1.win32_1.0.100.202509120712/tools/bin/../lib/gcc/arm-none-eabi/13.3.1/../../../../arm-none-eabi/lib/thumb/v7e-m+fp/hard\libc_nano.a(libc_a-reent.o) (_impure_ptr)
C:/ST/STM32CubeIDE_1.13.0/STM32CubeIDE/plugins/com.st.stm32cube.ide.mcu.externaltools.gnu-tools-for-stm32.13.3.rel1.win32_1.0.100.202509120712/tools/bin/../lib/gcc/arm-none-eabi/13.3.1/../../../../arm-none-eabi/lib/thumb/v7e-m+fp/hard\libc_nano.a(libc_a-lseekr.o)
[...]
Memory Configuration

Name             Origin             Length             Attributes
RAM              0x20000000         0x00020000         xrw
FLASH            0x08000000         0x00080000         xr
*default*        0x00000000         0xffffffff

Linker script and memory map

LOAD C:/ST/STM32CubeIDE_1.13.0/STM32CubeIDE/plugins/com.st.stm32cube.ide.mcu.externaltools.gnu-tools-for-stm32.13.3.rel1.win32_1.0.100.202509120712/tools/bin/../lib/gcc/arm-none-eabi/13.3.1/thumb/v7e-m+fp/hard/crti.o
LOAD C:/ST/STM32CubeIDE_1.13.0/STM32CubeIDE/plugins/com.st.stm32cube.ide.mcu.externaltools.gnu-tools-for-stm32.13.3.rel1.win32_1.0.100.202509120712/tools/bin/../lib/gcc/arm-none-eabi/13.3.1/thumb/v7e-m+fp/hard/crtbegin.o
LOAD C:/ST/STM32CubeIDE_1.13.0/STM32CubeIDE/plugins/com.st.stm32cube.ide.mcu.externaltools.gnu-tools-for-stm32.13.3.rel1.win32_1.0.100.202509120712/tools/bin/../lib/gcc/arm-none-eabi/13.3.1/../../../../arm-none-eabi/lib/thumb/v7e-m+fp/hard/crt0.o
LOAD ./Core/Src/gpio.o
LOAD ./Core/Src/main.o
LOAD ./Core/Src/quadspi.o
LOAD ./Core/Src/stm32f4xx_hal_msp.o
LOAD ./Core/Src/stm32f4xx_it.o
LOAD ./Core/Src/syscalls.o
LOAD ./Core/Src/sysmem.o
LOAD ./Core/Src/system_stm32f4xx.o
LOAD ./Core/Startup/startup_stm32f446vetx.o
LOAD ./Drivers/STM32F4xx_HAL_Driver/Src/stm32f4xx_hal.o
LOAD ./Drivers/STM32F4xx_HAL_Driver/Src/stm32f4xx_hal_cortex.o
LOAD ./Drivers/STM32F4xx_HAL_Driver/Src/stm32f4xx_hal_dma.o
LOAD ./Drivers/STM32F4xx_HAL_Driver/Src/stm32f4xx_hal_dma_ex.o
LOAD ./Drivers/STM32F4xx_HAL_Driver/Src/stm32f4xx_hal_exti.o
LOAD ./Drivers/STM32F4xx_HAL_Driver/Src/stm32f4xx_hal_flash.o
LOAD ./Drivers/STM32F4xx_HAL_Driver/Src/stm32f4xx_hal_flash_ex.o
LOAD ./Drivers/STM32F4xx_HAL_Driver/Src/stm32f4xx_hal_flash_ramfunc.o
LOAD ./Drivers/STM32F4xx_HAL_Driver/Src/stm32f4xx_hal_gpio.o
LOAD ./Drivers/STM32F4xx_HAL_Driver/Src/stm32f4xx_hal_pwr.o
LOAD ./Drivers/STM32F4xx_HAL_Driver/Src/stm32f4xx_hal_pwr_ex.o
LOAD ./Drivers/STM32F4xx_HAL_Driver/Src/stm32f4xx_hal_qspi.o
LOAD ./Drivers/STM32F4xx_HAL_Driver/Src/stm32f4xx_hal_rcc.o
LOAD ./Drivers/STM32F4xx_HAL_Driver/Src/stm32f4xx_hal_rcc_ex.o
LOAD ./Drivers/STM32F4xx_HAL_Driver/Src/stm32f4xx_hal_tim.o
LOAD ./Drivers/STM32F4xx_HAL_Driver/Src/stm32f4xx_hal_tim_ex.o
START GROUP
LOAD C:/ST/STM32CubeIDE_1.13.0/STM32CubeIDE/plugins/com.st.stm32cube.ide.mcu.externaltools.gnu-tools-for-stm32.13.3.rel1.win32_1.0.100.202509120712/tools/bin/../lib/gcc/arm-none-eabi/13.3.1/../../../../arm-none-eabi/lib/thumb/v7e-m+fp/hard\libc_nano.a
LOAD C:/ST/STM32CubeIDE_1.13.0/STM32CubeIDE/plugins/com.st.stm32cube.ide.mcu.externaltools.gnu-tools-for-stm32.13.3.rel1.win32_1.0.100.202509120712/tools/bin/../lib/gcc/arm-none-eabi/13.3.1/../../../../arm-none-eabi/lib/thumb/v7e-m+fp/hard\libm.a
END GROUP
START GROUP
LOAD C:/ST/STM32CubeIDE_1.13.0/STM32CubeIDE/plugins/com.st.stm32cube.ide.mcu.externaltools.gnu-tools-for-stm32.13.3.rel1.win32_1.0.100.202509120712/tools/bin/../lib/gcc/arm-none-eabi/13.3.1/thumb/v7e-m+fp/hard\libgcc.a
LOAD C:/ST/STM32CubeIDE_1.13.0/STM32CubeIDE/plugins/com.st.stm32cube.ide.mcu.externaltools.gnu-tools-for-stm32.13.3.rel1.win32_1.0.100.202509120712/tools/bin/../lib/gcc/arm-none-eabi/13.3.1/../../../../arm-none-eabi/lib/thumb/v7e-m+fp/hard\libc_nano.a
END GROUP
START GROUP
LOAD C:/ST/STM32CubeIDE_1.13.0/STM32CubeIDE/plugins/com.st.stm32cube.ide.mcu.externaltools.gnu-tools-for-stm32.13.3.rel1.win32_1.0.100.202509120712/tools/bin/../lib/gcc/arm-none-eabi/13.3.1/thumb/v7e-m+fp/hard\libgcc.a
LOAD C:/ST/STM32CubeIDE_1.13.0/STM32CubeIDE/plugins/com.st.stm32cube.ide.mcu.externaltools.gnu-tools-for-stm32.13.3.rel1.win32_1.0.100.202509120712/tools/bin/../lib/gcc/arm-none-eabi/13.3.1/../../../../arm-none-eabi/lib/thumb/v7e-m+fp/hard\libc_nano.a
LOAD C:/ST/STM32CubeIDE_1.13.0/STM32CubeIDE/plugins/com.st.stm32cube.ide.mcu.externaltools.gnu-tools-for-stm32.13.3.rel1.win32_1.0.100.202509120712/tools/bin/../lib/gcc/arm-none-eabi/13.3.1/../../../../arm-none-eabi/lib/thumb/v7e-m+fp/hard\libnosys.a
END GROUP
START GROUP
LOAD C:/ST/STM32CubeIDE_1.13.0/STM32CubeIDE/plugins/com.st.stm32cube.ide.mcu.externaltools.gnu-tools-for-stm32.13.3.rel1.win32_1.0.100.202509120712/tools/bin/../lib/gcc/arm-none-eabi/13.3.1/thumb/v7e-m+fp/hard\libgcc.a
LOAD C:/ST/STM32CubeIDE_1.13.0/STM32CubeIDE/plugins/com.st.stm32cube.ide.mcu.externaltools.gnu-tools-for-stm32.13.3.rel1.win32_1.0.100.202509120712/tools/bin/../lib/gcc/arm-none-eabi/13.3.1/../../../../arm-none-eabi/lib/thumb/v7e-m+fp/hard\libc_nano.a
LOAD C:/ST/STM32CubeIDE_1.13.0/STM32CubeIDE/plugins/com.st.stm32cube.ide.mcu.externaltools.gnu-tools-for-stm32.13.3.rel1.win32_1.0.100.202509120712/tools/bin/../lib/gcc/arm-none-eabi/13.3.1/../../../../arm-none-eabi/lib/thumb/v7e-m+fp/hard\libnosys.a
END GROUP
LOAD C:/ST/STM32CubeIDE_1.13.0/STM32CubeIDE/plugins/com.st.stm32cube.ide.mcu.externaltools.gnu-tools-for-stm32.13.3.rel1.win32_1.0.100.202509120712/tools/bin/../lib/gcc/arm-none-eabi/13.3.1/thumb/v7e-m+fp/hard/crtend.o
LOAD C:/ST/STM32CubeIDE_1.13.0/STM32CubeIDE/plugins/com.st.stm32cube.ide.mcu.externaltools.gnu-tools-for-stm32.13.3.rel1.win32_1.0.100.202509120712/tools/bin/../lib/gcc/arm-none-eabi/13.3.1/thumb/v7e-m+fp/hard/crtn.o
                0x20020000                        _estack = (ORIGIN (RAM) + LENGTH (RAM))
                0x00000200                        _Min_Heap_Size = 0x200
                0x00000400                        _Min_Stack_Size = 0x400

.isr_vector     0x08000000      0x1c4
                0x08000000                        . = ALIGN (0x4)
 *(.isr_vector)
 .isr_vector    0x08000000      0x1c4 ./Core/Startup/startup_stm32f446vetx.o
                0x08000000                g_pfnVectors
                0x080001c4                        . = ALIGN (0x4)

.text           0x080001c4     0x2d7c
                0x080001c4                        . = ALIGN (0x4)
 *(.text)
 .text          0x080001c4       0x40 C:/ST/STM32CubeIDE_1.13.0/STM32CubeIDE/plugins/com.st.stm32cube.ide.mcu.externaltools.gnu-tools-for-stm32.13.3.rel1.win32_1.0.100.202509120712/tools/bin/../lib/gcc/arm-none-eabi/13.3.1/thumb/v7e-m+fp/hard/crtbegin.o
 .text          0x08000204       0x30 C:/ST/STM32CubeIDE_1.13.0/STM32CubeIDE/plugins/com.st.stm32cube.ide.mcu.externaltools.gnu-tools-for-stm32.13.3.rel1.win32_1.0.100.202509120712/tools/bin/../lib/gcc/arm-none-eabi/13.3.1/thumb/v7e-m+fp/hard\libgcc.a(_aeabi_uldivmod.o)
                0x08000204                __aeabi_uldivmod
 .text          0x08000234      0x2f8 C:/ST/STM32CubeIDE_1.13.0/STM32CubeIDE/plugins/com.st.stm32cube.ide.mcu.externaltools.gnu-tools-for-stm32.13.3.rel1.win32_1.0.100.202509120712/tools/bin/../lib/gcc/arm-none-eabi/13.3.1/thumb/v7e-m+fp/hard\libgcc.a(_udivmoddi4.o)
                0x08000234                __udivmoddi4
 .text          0x0800052c        0x4 C:/ST/STM32CubeIDE_1.13.0/STM32CubeIDE/plugins/com.st.stm32cube.ide.mcu.externaltools.gnu-tools-for-stm32.13.3.rel1.win32_1.0.100.202509120712/tools/bin/../lib/gcc/arm-none-eabi/13.3.1/thumb/v7e-m+fp/hard\libgcc.a(_dvmd_tls.o)
                0x0800052c                __aeabi_idiv0
                0x0800052c                __aeabi_ldiv0
 *(.text*)
 .text.MX_GPIO_Init
                0x08000530       0x6c ./Core/Src/gpio.o
                0x08000530                MX_GPIO_Init
 .text.main     0x0800059c       0x6c ./Core/Src/main.o
                0x0800059c                main
 .text.SystemClock_Config
                0x08000608       0xe4 ./Core/Src/main.o
                0x08000608                SystemClock_Config
 .text.Error_Handler
                0x080006ec        0xc ./Core/Src/main.o
                0x080006ec                Error_Handler
 .text.MX_QUADSPI_Init
                0x080006f8       0x58 ./Core/Src/quadspi.o
                0x080006f8                MX_QUADSPI_Init
 .text.HAL_QSPI_MspInit
                0x08000750      0x110 ./Core/Src/quadspi.o
                0x08000750                HAL_QSPI_MspInit
 .text.HAL_QSPI_MspDeInit
                0x08000860       0x54 ./Core/Src/quadspi.o
                0x08000860                HAL_QSPI_MspDeInit
 .text.CSP_QUADSPI_Init
                0x080008b4       0x70 ./Core/Src/quadspi.o
                0x080008b4                CSP_QUADSPI_Init
 .text.CSP_QSPI_Erase_Chip
                0x08000924       0x70 ./Core/Src/quadspi.o
                0x08000924                CSP_QSPI_Erase_Chip
 .text.QSPI_AutoPollingMemReady
                0x08000994       0x98 ./Core/Src/quadspi.o
                0x08000994                QSPI_AutoPollingMemReady
 .text.QSPI_WriteEnable
                0x08000a2c       0xc4 ./Core/Src/quadspi.o
 .text.QSPI_Configuration
                0x08000af0      0x1ac ./Core/Src/quadspi.o
 .text.CSP_QSPI_WriteMemory
                0x08000c9c      0x118 ./Core/Src/quadspi.o
                0x08000c9c                CSP_QSPI_WriteMemory
 .text.CSP_QSPI_EnableMemoryMappedMode
                0x08000db4       0x7c ./Core/Src/quadspi.o
                0x08000db4                CSP_QSPI_EnableMemoryMappedMode
 .text.QSPI_ResetChip
                0x08000e30       0xd0 ./Core/Src/quadspi.o
 .text.HAL_MspInit
                0x08000f00       0x50 ./Core/Src/stm32f4xx_hal_msp.o
                0x08000f00                HAL_MspInit
 .text.NMI_Handler
                0x08000f50        0x8 ./Core/Src/stm32f4xx_it.o
                0x08000f50                NMI_Handler
 .text.HardFault_Handler
                0x08000f58        0x8 ./Core/Src/stm32f4xx_it.o
                0x08000f58                HardFault_Handler
 .text.MemManage_Handler
                0x08000f60        0x8 ./Core/Src/stm32f4xx_it.o
                0x08000f60                MemManage_Handler
 .text.BusFault_Handler
                0x08000f68        0x8 ./Core/Src/stm32f4xx_it.o
                0x08000f68                BusFault_Handler
 .text.UsageFault_Handler
                0x08000f70        0x8 ./Core/Src/stm32f4xx_it.o
                0x08000f70                UsageFault_Handler
 .text.SVC_Handler
                0x08000f78        0xe ./Core/Src/stm32f4xx_it.o
                0x08000f78                SVC_Handler
 .text.DebugMon_Handler
                0x08000f86        0xe ./Core/Src/stm32f4xx_it.o
                0x08000f86                DebugMon_Handler
 .text.PendSV_Handler
                0x08000f94        0xe ./Core/Src/stm32f4xx_it.o
                0x08000f94                PendSV_Handler
 .text.SysTick_Handler
                0x08000fa2        0xc ./Core/Src/stm32f4xx_it.o
                0x08000fa2                SysTick_Handler
 *fill*         0x08000fae        0x2 
 .text.SystemInit
                0x08000fb0       0x24 ./Core/Src/system_stm32f4xx.o
                0x08000fb0                SystemInit
 .text.Reset_Handler
                0x08000fd4       0x50 ./Core/Startup/startup_stm32f446vetx.o
                0x08000fd4                Reset_Handler
 .text.Default_Handler
                0x08001024        0x2 ./Core/Startup/startup_stm32f446vetx.o
                0x08001024                RTC_Alarm_IRQHandler
                0x08001024                EXTI2_IRQHandler
                0x08001024                TIM8_CC_IRQHandler
                0x08001024                FMPI2C1_EV_IRQHandler
                0x08001024                SPI4_IRQHandler
                0x08001024                TIM1_CC_IRQHandler
                0x08001024                DMA2_Stream5_IRQHandler
                0x08001024                DMA1_Stream5_IRQHandler
                0x08001024                PVD_IRQHandler
                0x08001024                SDIO_IRQHandler
                0x08001024                TAMP_STAMP_IRQHandler
                0x08001024                CAN2_RX1_IRQHandler
                0x08001024                EXTI3_IRQHandler
                0x08001024                TIM8_TRG_COM_TIM14_IRQHandler
                0x08001024                TIM1_UP_TIM10_IRQHandler
                0x08001024                TIM8_UP_TIM13_IRQHandler
                0x08001024                I2C3_ER_IRQHandler
                0x08001024                EXTI0_IRQHandler
                0x08001024                I2C2_EV_IRQHandler
                0x08001024                DMA1_Stream2_IRQHandler
                0x08001024                CAN1_RX0_IRQHandler
                0x08001024                FPU_IRQHandler
                0x08001024                OTG_HS_WKUP_IRQHandler
                0x08001024                CAN2_SCE_IRQHandler
                0x08001024                DMA2_Stream2_IRQHandler
                0x08001024                SPI1_IRQHandler
                0x08001024                TIM6_DAC_IRQHandler
                0x08001024                TIM1_BRK_TIM9_IRQHandler
                0x08001024                DCMI_IRQHandler
                0x08001024                CAN2_RX0_IRQHandler
                0x08001024                DMA2_Stream3_IRQHandler
                0x08001024                SAI2_IRQHandler
                0x08001024                USART6_IRQHandler
                0x08001024                USART3_IRQHandler
                0x08001024                CAN1_RX1_IRQHandler
                0x08001024                UART5_IRQHandler
                0x08001024                DMA2_Stream0_IRQHandler
                0x08001024                TIM4_IRQHandler
                0x08001024                QUADSPI_IRQHandler
                0x08001024                I2C1_EV_IRQHandler
                0x08001024                DMA1_Stream6_IRQHandler
                0x08001024                DMA1_Stream1_IRQHandler
                0x08001024                UART4_IRQHandler
                0x08001024                TIM3_IRQHandler
                0x08001024                RCC_IRQHandler
                0x08001024                TIM8_BRK_TIM12_IRQHandler
                0x08001024                Default_Handler
                0x08001024                CEC_IRQHandler
                0x08001024                EXTI15_10_IRQHandler
                0x08001024                ADC_IRQHandler
                0x08001024                DMA1_Stream7_IRQHandler
                0x08001024                TIM7_IRQHandler
                0x08001024                CAN2_TX_IRQHandler
                0x08001024                TIM5_IRQHandler
                0x08001024                DMA2_Stream7_IRQHandler
                0x08001024                I2C3_EV_IRQHandler
                0x08001024                EXTI9_5_IRQHandler
                0x08001024                RTC_WKUP_IRQHandler
                0x08001024                SPDIF_RX_IRQHandler
                0x08001024                SPI2_IRQHandler
                0x08001024                OTG_HS_EP1_IN_IRQHandler
                0x08001024                DMA1_Stream0_IRQHandler
                0x08001024                CAN1_TX_IRQHandler
                0x08001024                FMPI2C1_ER_IRQHandler
                0x08001024                EXTI4_IRQHandler
                0x08001024                OTG_HS_EP1_OUT_IRQHandler
                0x08001024                WWDG_IRQHandler
                0x08001024                TIM2_IRQHandler
                0x08001024                OTG_FS_WKUP_IRQHandler
                0x08001024                TIM1_TRG_COM_TIM11_IRQHandler
                0x08001024                OTG_HS_IRQHandler
                0x08001024                EXTI1_IRQHandler
                0x08001024                USART2_IRQHandler
                0x08001024                I2C2_ER_IRQHandler
                0x08001024                DMA2_Stream1_IRQHandler
                0x08001024                CAN1_SCE_IRQHandler
                0x08001024                FLASH_IRQHandler
                0x08001024                DMA2_Stream4_IRQHandler
                0x08001024                USART1_IRQHandler
                0x08001024                OTG_FS_IRQHandler
                0x08001024                SPI3_IRQHandler
                0x08001024                DMA1_Stream4_IRQHandler
                0x08001024                I2C1_ER_IRQHandler
                0x08001024                FMC_IRQHandler
                0x08001024                DMA2_Stream6_IRQHandler
                0x08001024                SAI1_IRQHandler
                0x08001024                DMA1_Stream3_IRQHandler
 *fill*         0x08001026        0x2 
 .text.HAL_Init
                0x08001028       0x44 ./Drivers/STM32F4xx_HAL_Driver/Src/stm32f4xx_hal.o
                0x08001028                HAL_Init
 .text.HAL_InitTick
                0x0800106c       0x60 ./Drivers/STM32F4xx_HAL_Driver/Src/stm32f4xx_hal.o
                0x0800106c                HAL_InitTick
 .text.HAL_IncTick
                0x080010cc       0x28 ./Drivers/STM32F4xx_HAL_Driver/Src/stm32f4xx_hal.o
                0x080010cc                HAL_IncTick
 .text.HAL_GetTick
                0x080010f4       0x18 ./Drivers/STM32F4xx_HAL_Driver/Src/stm32f4xx_hal.o
                0x080010f4                HAL_GetTick
 .text.HAL_Delay
                0x0800110c       0x48 ./Drivers/STM32F4xx_HAL_Driver/Src/stm32f4xx_hal.o
                0x0800110c                HAL_Delay
 .text.__NVIC_SetPriorityGrouping
                0x08001154       0x48 ./Drivers/STM32F4xx_HAL_Driver/Src/stm32f4xx_hal_cortex.o
 .text.__NVIC_GetPriorityGrouping
                0x0800119c       0x1c ./Drivers/STM32F4xx_HAL_Driver/Src/stm32f4xx_hal_cortex.o
 .text.__NVIC_SetPriority
                0x080011b8       0x54 ./Drivers/STM32F4xx_HAL_Driver/Src/stm32f4xx_hal_cortex.o
 .text.NVIC_EncodePriority
                0x0800120c       0x66 ./Drivers/STM32F4xx_HAL_Driver/Src/stm32f4xx_hal_cortex.o
 *fill*         0x08001272        0x2 
 .text.SysTick_Config
                0x08001274       0x44 ./Drivers/STM32F4xx_HAL_Driver/Src/stm32f4xx_hal_cortex.o
 .text.HAL_NVIC_SetPriorityGrouping
                0x080012b8       0x16 ./Drivers/STM32F4xx_HAL_Driver/Src/stm32f4xx_hal_cortex.o
                0x080012b8                HAL_NVIC_SetPriorityGrouping
 .text.HAL_NVIC_SetPriority
                0x080012ce       0x38 ./Drivers/STM32F4xx_HAL_Driver/Src/stm32f4xx_hal_cortex.o
                0x080012ce                HAL_NVIC_SetPriority
 .text.HAL_SYSTICK_Config
                0x08001306       0x18 ./Drivers/STM32F4xx_HAL_Driver/Src/stm32f4xx_hal_cortex.o
                0x08001306                HAL_SYSTICK_Config
 .text.HAL_DMA_Abort
                0x0800131e       0xe0 ./Drivers/STM32F4xx_HAL_Driver/Src/stm32f4xx_hal_dma.o
                0x0800131e                HAL_DMA_Abort
 *fill*         0x080013fe        0x2 
 .text.HAL_GPIO_Init
                0x08001400      0x328 ./Drivers/STM32F4xx_HAL_Driver/Src/stm32f4xx_hal_gpio.o
                0x08001400                HAL_GPIO_Init
 .text.HAL_GPIO_DeInit
                0x08001728      0x1e8 ./Drivers/STM32F4xx_HAL_Driver/Src/stm32f4xx_hal_gpio.o
                0x08001728                HAL_GPIO_DeInit
 .text.HAL_PWREx_EnableOverDrive
                0x08001910       0xa0 ./Drivers/STM32F4xx_HAL_Driver/Src/stm32f4xx_hal_pwr_ex.o
                0x08001910                HAL_PWREx_EnableOverDrive
 .text.HAL_QSPI_Init
                0x080019b0       0xf8 ./Drivers/STM32F4xx_HAL_Driver/Src/stm32f4xx_hal_qspi.o
                0x080019b0                HAL_QSPI_Init
 .text.HAL_QSPI_DeInit
                0x08001aa8       0x48 ./Drivers/STM32F4xx_HAL_Driver/Src/stm32f4xx_hal_qspi.o
                0x08001aa8                HAL_QSPI_DeInit
 .text.HAL_QSPI_Command
                0x08001af0       0xbc ./Drivers/STM32F4xx_HAL_Driver/Src/stm32f4xx_hal_qspi.o
                0x08001af0                HAL_QSPI_Command
 .text.HAL_QSPI_Transmit
                0x08001bac      0x12e ./Drivers/STM32F4xx_HAL_Driver/Src/stm32f4xx_hal_qspi.o
                0x08001bac                HAL_QSPI_Transmit
 .text.HAL_QSPI_Receive
                0x08001cda      0x144 ./Drivers/STM32F4xx_HAL_Driver/Src/stm32f4xx_hal_qspi.o
                0x08001cda                HAL_QSPI_Receive
 .text.HAL_QSPI_AutoPolling
                0x08001e1e       0xee ./Drivers/STM32F4xx_HAL_Driver/Src/stm32f4xx_hal_qspi.o
                0x08001e1e                HAL_QSPI_AutoPolling
 .text.HAL_QSPI_MemoryMapped
                0x08001f0c       0xc4 ./Drivers/STM32F4xx_HAL_Driver/Src/stm32f4xx_hal_qspi.o
                0x08001f0c                HAL_QSPI_MemoryMapped
 .text.HAL_QSPI_Abort
                0x08001fd0       0xf2 ./Drivers/STM32F4xx_HAL_Driver/Src/stm32f4xx_hal_qspi.o
                0x08001fd0                HAL_QSPI_Abort
 .text.HAL_QSPI_SetTimeout
                0x080020c2       0x1c ./Drivers/STM32F4xx_HAL_Driver/Src/stm32f4xx_hal_qspi.o
                0x080020c2                HAL_QSPI_SetTimeout
 .text.QSPI_WaitFlagStateUntilTimeout
                0x080020de       0x6e ./Drivers/STM32F4xx_HAL_Driver/Src/stm32f4xx_hal_qspi.o
 .text.QSPI_Config
                0x0800214c      0x30c ./Drivers/STM32F4xx_HAL_Driver/Src/stm32f4xx_hal_qspi.o
 .text.HAL_RCC_ClockConfig
                0x08002458      0x1cc ./Drivers/STM32F4xx_HAL_Driver/Src/stm32f4xx_hal_rcc.o
                0x08002458                HAL_RCC_ClockConfig
 .text.HAL_RCC_GetSysClockFreq
                0x08002624      0x354 ./Drivers/STM32F4xx_HAL_Driver/Src/stm32f4xx_hal_rcc_ex.o
                0x08002624                HAL_RCC_GetSysClockFreq
 .text.HAL_RCC_OscConfig
                0x08002978      0x53c ./Drivers/STM32F4xx_HAL_Driver/Src/stm32f4xx_hal_rcc_ex.o
                0x08002978                HAL_RCC_OscConfig
 .text.memset   0x08002eb4       0x10 C:/ST/STM32CubeIDE_1.13.0/STM32CubeIDE/plugins/com.st.stm32cube.ide.mcu.externaltools.gnu-tools-for-stm32.13.3.rel1.win32_1.0.100.202509120712/tools/bin/../lib/gcc/arm-none-eabi/13.3.1/../../../../arm-none-eabi/lib/thumb/v7e-m+fp/hard\libc_nano.a(libc_a-memset.o)
                0x08002eb4                memset
 .text.__libc_init_array
                0x08002ec4       0x48 C:/ST/STM32CubeIDE_1.13.0/STM32CubeIDE/plugins/com.st.stm32cube.ide.mcu.externaltools.gnu-tools-for-stm32.13.3.rel1.win32_1.0.100.202509120712/tools/bin/../lib/gcc/arm-none-eabi/13.3.1/../../../../arm-none-eabi/lib/thumb/v7e-m+fp/hard\libc_nano.a(libc_a-init.o)
                0x08002ec4                __libc_init_array
 .text.memcpy   0x08002f0c       0x1c C:/ST/STM32CubeIDE_1.13.0/STM32CubeIDE/plugins/com.st.stm32cube.ide.mcu.externaltools.gnu-tools-for-stm32.13.3.rel1.win32_1.0.100.202509120712/tools/bin/../lib/gcc/arm-none-eabi/13.3.1/../../../../arm-none-eabi/lib/thumb/v7e-m+fp/hard\libc_nano.a(libc_a-memcpy-stub.o)
                0x08002f0c                memcpy
 *(.glue_7)
 .glue_7        0x08002f28        0x0 linker stubs
 *(.glue_7t)
 .glue_7t       0x08002f28        0x0 linker stubs
 *(.eh_frame)
 .eh_frame      0x08002f28        0x0 C:/ST/STM32CubeIDE_1.13.0/STM32CubeIDE/plugins/com.st.stm32cube.ide.mcu.externaltools.gnu-tools-for-stm32.13.3.rel1.win32_1.0.100.202509120712/tools/bin/../lib/gcc/arm-none-eabi/13.3.1/thumb/v7e-m+fp/hard/crtbegin.o
 *(.init)
 .init          0x08002f28        0x4 C:/ST/STM32CubeIDE_1.13.0/STM32CubeIDE/plugins/com.st.stm32cube.ide.mcu.externaltools.gnu-tools-for-stm32.13.3.rel1.win32_1.0.100.202509120712/tools/bin/../lib/gcc/arm-none-eabi/13.3.1/thumb/v7e-m+fp/hard/crti.o
                0x08002f28                _init
 .init          0x08002f2c        0x8 C:/ST/STM32CubeIDE_1.13.0/STM32CubeIDE/plugins/com.st.stm32cube.ide.mcu.externaltools.gnu-tools-for-stm32.13.3.rel1.win32_1.0.100.202509120712/tools/bin/../lib/gcc/arm-none-eabi/13.3.1/thumb/v7e-m+fp/hard/crtn.o
 *(.fini)
 .fini          0x08002f34        0x4 C:/ST/STM32CubeIDE_1.13.0/STM32CubeIDE/plugins/com.st.stm32cube.ide.mcu.externaltools.gnu-tools-for-stm32.13.3.rel1.win32_1.0.100.202509120712/tools/bin/../lib/gcc/arm-none-eabi/13.3.1/thumb/v7e-m+fp/hard/crti.o
                0x08002f34                _fini
 .fini          0x08002f38        0x8 C:/ST/STM32CubeIDE_1.13.0/STM32CubeIDE/plugins/com.st.stm32cube.ide.mcu.externaltools.gnu-tools-for-stm32.13.3.rel1.win32_1.0.100.202509120712/tools/bin/../lib/gcc/arm-none-eabi/13.3.1/thumb/v7e-m+fp/hard/crtn.o
                0x08002f40                        . = ALIGN (0x4)
                0x08002f40                        _etext = .

.vfp11_veneer   0x08002f40        0x0
 .vfp11_veneer  0x08002f40        0x0 linker stubs

.v4_bx          0x08002f40        0x0
 .v4_bx         0x08002f40        0x0 linker stubs

.iplt           0x08002f40        0x0
 .iplt          0x08002f40        0x0 C:/ST/STM32CubeIDE_1.13.0/STM32CubeIDE/plugins/com.st.stm32cube.ide.mcu.externaltools.gnu-tools-for-stm32.13.3.rel1.win32_1.0.100.202509120712/tools/bin/../lib/gcc/arm-none-eabi/13.3.1/thumb/v7e-m+fp/hard/crtbegin.o

.rodata         0x08002f40       0x10
                0x08002f40                        . = ALIGN (0x4)
 *(.rodata)
 *(.rodata*)
 .rodata.AHBPrescTable
                0x08002f40       0x10 ./Core/Src/system_stm32f4xx.o
                0x08002f40                AHBPrescTable
                0x08002f50                        . = ALIGN (0x4)

.ARM.extab      0x08002f50        0x0
                0x08002f50                        . = ALIGN (0x4)
 *(.ARM.extab* .gnu.linkonce.armextab.*)
                0x08002f50                        . = ALIGN (0x4)

.ARM            0x08002f50        0x8
                0x08002f50                        . = ALIGN (0x4)
                0x08002f50                        __exidx_start = .
 *(.ARM.exidx*)
 .ARM.exidx     0x08002f50        0x8 C:/ST/STM32CubeIDE_1.13.0/STM32CubeIDE/plugins/com.st.stm32cube.ide.mcu.externaltools.gnu-tools-for-stm32.13.3.rel1.win32_1.0.100.202509120712/tools/bin/../lib/gcc/arm-none-eabi/13.3.1/thumb/v7e-m+fp/hard\libgcc.a(_udivmoddi4.o)
                0x08002f58                        __exidx_end = .
                0x08002f58                        . = ALIGN (0x4)

.rel.dyn        0x08002f58        0x0
 .rel.iplt      0x08002f58        0x0 C:/ST/STM32CubeIDE_1.13.0/STM32CubeIDE/plugins/com.st.stm32cube.ide.mcu.externaltools.gnu-tools-for-stm32.13.3.rel1.win32_1.0.100.202509120712/tools/bin/../lib/gcc/arm-none-eabi/13.3.1/thumb/v7e-m+fp/hard/crtbegin.o

.preinit_array  0x08002f58        0x0
                0x08002f58                        . = ALIGN (0x4)
                0x08002f58                        PROVIDE (__preinit_array_start = .)
 *(.preinit_array*)
                0x08002f58                        PROVIDE (__preinit_array_end = .)
                0x08002f58                        . = ALIGN (0x4)

.init_array     0x08002f58        0x4
                0x08002f58                        . = ALIGN (0x4)
                0x08002f58                        PROVIDE (__init_array_start = .)
 *(SORT_BY_NAME(.init_array.*))
 *(.init_array*)
 .init_array    0x08002f58        0x4 C:/ST/STM32CubeIDE_1.13.0/STM32CubeIDE/plugins/com.st.stm32cube.ide.mcu.externaltools.gnu-tools-for-stm32.13.3.rel1.win32_1.0.100.202509120712/tools/bin/../lib/gcc/arm-none-eabi/13.3.1/thumb/v7e-m+fp/hard/crtbegin.o
                0x08002f5c                        PROVIDE (__init_array_end = .)
                0x08002f5c                        . = ALIGN (0x4)

.fini_array     0x08002f5c        0x4
                0x08002f5c                        . = ALIGN (0x4)
                [!provide]                        PROVIDE (__fini_array_start = .)
 *(SORT_BY_NAME(.fini_array.*))
 *(.fini_array*)
 .fini_array    0x08002f5c        0x4 C:/ST/STM32CubeIDE_1.13.0/STM32CubeIDE/plugins/com.st.stm32cube.ide.mcu.externaltools.gnu-tools-for-stm32.13.3.rel1.win32_1.0.100.202509120712/tools/bin/../lib/gcc/arm-none-eabi/13.3.1/thumb/v7e-m+fp/hard/crtbegin.o
                [!provide]                        PROVIDE (__fini_array_end = .)
                0x08002f60                        . = ALIGN (0x4)
                0x08002f60                        _sidata = LOADADDR (.data)

.data           0x20000000       0x24 load address 0x08002f60
                0x20000000                        . = ALIGN (0x4)
                0x20000000                        _sdata = .
 *(.data)
 *(.data*)
 .data.writebuf
                0x20000000       0x16 ./Core/Src/main.o
                0x20000000                writebuf
 *fill*         0x20000016        0x2 
 .data.SystemCoreClock
                0x20000018        0x4 ./Core/Src/system_stm32f4xx.o
                0x20000018                SystemCoreClock
 .data.uwTickPrio
                0x2000001c        0x4 ./Drivers/STM32F4xx_HAL_Driver/Src/stm32f4xx_hal.o
                0x2000001c                uwTickPrio
 .data.uwTickFreq
                0x20000020        0x1 ./Drivers/STM32F4xx_HAL_Driver/Src/stm32f4xx_hal.o
                0x20000020                uwTickFreq
 *(.RamFunc)
 *(.RamFunc*)
                0x20000024                        . = ALIGN (0x4)
 *fill*         0x20000021        0x3 
                0x20000024                        _edata = .

.igot.plt       0x20000024        0x0 load address 0x08002f84
 .igot.plt      0x20000024        0x0 C:/ST/STM32CubeIDE_1.13.0/STM32CubeIDE/plugins/com.st.stm32cube.ide.mcu.externaltools.gnu-tools-for-stm32.13.3.rel1.win32_1.0.100.202509120712/tools/bin/../lib/gcc/arm-none-eabi/13.3.1/thumb/v7e-m+fp/hard/crtbegin.o
                0x20000024                        . = ALIGN (0x4)

.bss            0x20000024       0xd0 load address 0x08002f84
                0x20000024                        _sbss = .
                0x20000024                        __bss_start__ = _sbss
 *(.bss)
 .bss           0x20000024       0x1c C:/ST/STM32CubeIDE_1.13.0/STM32CubeIDE/plugins/com.st.stm32cube.ide.mcu.externaltools.gnu-tools-for-stm32.13.3.rel1.win32_1.0.100.202509120712/tools/bin/../lib/gcc/arm-none-eabi/13.3.1/thumb/v7e-m+fp/hard/crtbegin.o
 *(.bss*)
 .bss.Readbuf   0x20000040       0x64 ./Core/Src/main.o
                0x20000040                Readbuf
 .bss.hqspi     0x200000a4       0x4c ./Core/Src/quadspi.o
                0x200000a4                hqspi
 .bss.uwTick    0x200000f0        0x4 ./Drivers/STM32F4xx_HAL_Driver/Src/stm32f4xx_hal.o
                0x200000f0                uwTick
 *(COMMON)
                0x200000f4                        . = ALIGN (0x4)
                0x200000f4                        _ebss = .
                0x200000f4                        __bss_end__ = _ebss

._user_heap_stack
                0x200000f4      0x604 load address 0x08002f84
                0x200000f8                        . = ALIGN (0x8)
 *fill*         0x200000f4        0x4 
                [!provide]                        PROVIDE (end = .)
                0x200000f8                        PROVIDE (_end = .)
                0x200002f8                        . = (. + _Min_Heap_Size)
 *fill*         0x200000f8      0x200 
                0x200006f8                        . = (. + _Min_Stack_Size)
 *fill*         0x200002f8      0x400 
                0x200006f8                        . = ALIGN (0x8)

/DISCARD/
 libc.a(*)
 libm.a(*)
 libgcc.a(*)

.ARM.attributes
                0x00000000       0x30
 *(.ARM.attributes)
 .ARM.attributes
                0x00000000       0x22 C:/ST/STM32CubeIDE_1.13.0/STM32CubeIDE/plugins/com.st.stm32cube.ide.mcu.externaltools.gnu-tools-for-stm32.13.3.rel1.win32_1.0.100.202509120712/tools/bin/../lib/gcc/arm-none-eabi/13.3.1/thumb/v7e-m+fp/hard/crti.o
 .ARM.attributes
                0x00000022       0x34 C:/ST/STM32CubeIDE_1.13.0/STM32CubeIDE/plugins/com.st.stm32cube.ide.mcu.externaltools.gnu-tools-for-stm32.13.3.rel1.win32_1.0.100.202509120712/tools/bin/../lib/gcc/arm-none-eabi/13.3.1/thumb/v7e-m+fp/hard/crtbegin.o
 .ARM.attributes
                0x00000056       0x34 ./Core/Src/gpio.o
 .ARM.attributes
                0x0000008a       0x34 ./Core/Src/main.o
 .ARM.attributes
                0x000000be       0x34 ./Core/Src/quadspi.o
 .ARM.attributes
                0x000000f2       0x34 ./Core/Src/stm32f4xx_hal_msp.o
 .ARM.attributes
                0x00000126       0x34 ./Core/Src/stm32f4xx_it.o
 .ARM.attributes
                0x0000015a       0x34 ./Core/Src/system_stm32f4xx.o
 .ARM.attributes
                0x0000018e       0x21 ./Core/Startup/startup_stm32f446vetx.o
 .ARM.attributes
                0x000001af       0x34 ./Drivers/STM32F4xx_HAL_Driver/Src/stm32f4xx_hal.o
 .ARM.attributes
                0x000001e3       0x34 ./Drivers/STM32F4xx_HAL_Driver/Src/stm32f4xx_hal_cortex.o
 .ARM.attributes
                0x00000217       0x34 ./Drivers/STM32F4xx_HAL_Driver/Src/stm32f4xx_hal_dma.o
 .ARM.attributes
                0x0000024b       0x34 ./Drivers/STM32F4xx_HAL_Driver/Src/stm32f4xx_hal_gpio.o
 .ARM.attributes
                0x0000027f       0x34 ./Drivers/STM32F4xx_HAL_Driver/Src/stm32f4xx_hal_pwr_ex.o
 .ARM.attributes
                0x000002b3       0x34 ./Drivers/STM32F4xx_HAL_Driver/Src/stm32f4xx_hal_qspi.o
 .ARM.attributes
                0x000002e7       0x34 ./Drivers/STM32F4xx_HAL_Driver/Src/stm32f4xx_hal_rcc.o
 .ARM.attributes
                0x0000031b       0x34 ./Drivers/STM32F4xx_HAL_Driver/Src/stm32f4xx_hal_rcc_ex.o
 .ARM.attributes
                0x0000034f       0x34 C:/ST/STM32CubeIDE_1.13.0/STM32CubeIDE/plugins/com.st.stm32cube.ide.mcu.externaltools.gnu-tools-for-stm32.13.3.rel1.win32_1.0.100.202509120712/tools/bin/../lib/gcc/arm-none-eabi/13.3.1/../../../../arm-none-eabi/lib/thumb/v7e-m+fp/hard\libc_nano.a(libc_a-memset.o)
 .ARM.attributes
                0x00000383       0x34 C:/ST/STM32CubeIDE_1.13.0/STM32CubeIDE/plugins/com.st.stm32cube.ide.mcu.externaltools.gnu-tools-for-stm32.13.3.rel1.win32_1.0.100.202509120712/tools/bin/../lib/gcc/arm-none-eabi/13.3.1/../../../../arm-none-eabi/lib/thumb/v7e-m+fp/hard\libc_nano.a(libc_a-init.o)
 .ARM.attributes
                0x000003b7       0x34 C:/ST/STM32CubeIDE_1.13.0/STM32CubeIDE/plugins/com.st.stm32cube.ide.mcu.externaltools.gnu-tools-for-stm32.13.3.rel1.win32_1.0.100.202509120712/tools/bin/../lib/gcc/arm-none-eabi/13.3.1/../../../../arm-none-eabi/lib/thumb/v7e-m+fp/hard\libc_nano.a(libc_a-memcpy-stub.o)
 .ARM.attributes
                0x000003eb       0x22 C:/ST/STM32CubeIDE_1.13.0/STM32CubeIDE/plugins/com.st.stm32cube.ide.mcu.externaltools.gnu-tools-for-stm32.13.3.rel1.win32_1.0.100.202509120712/tools/bin/../lib/gcc/arm-none-eabi/13.3.1/thumb/v7e-m+fp/hard\libgcc.a(_aeabi_uldivmod.o)
 .ARM.attributes
                0x0000040d       0x34 C:/ST/STM32CubeIDE_1.13.0/STM32CubeIDE/plugins/com.st.stm32cube.ide.mcu.externaltools.gnu-tools-for-stm32.13.3.rel1.win32_1.0.100.202509120712/tools/bin/../lib/gcc/arm-none-eabi/13.3.1/thumb/v7e-m+fp/hard\libgcc.a(_udivmoddi4.o)
 .ARM.attributes
                0x00000441       0x22 C:/ST/STM32CubeIDE_1.13.0/STM32CubeIDE/plugins/com.st.stm32cube.ide.mcu.externaltools.gnu-tools-for-stm32.13.3.rel1.win32_1.0.100.202509120712/tools/bin/../lib/gcc/arm-none-eabi/13.3.1/thumb/v7e-m+fp/hard\libgcc.a(_dvmd_tls.o)
 .ARM.attributes
                0x00000463       0x22 C:/ST/STM32CubeIDE_1.13.0/STM32CubeIDE/plugins/com.st.stm32cube.ide.mcu.externaltools.gnu-tools-for-stm32.13.3.rel1.win32_1.0.100.202509120712/tools/bin/../lib/gcc/arm-none-eabi/13.3.1/thumb/v7e-m+fp/hard/crtn.o
OUTPUT(STM32F446VET6_QSPI.elf elf32-littlearm)
LOAD linker stubs
LOAD C:/ST/STM32CubeIDE_1.13.0/STM32CubeIDE/plugins/com.st.stm32cube.ide.mcu.externaltools.gnu-tools-for-stm32.13.3.rel1.win32_1.0.100.202509120712/tools/bin/../lib/gcc/arm-none-eabi/13.3.1/../../../../arm-none-eabi/lib/thumb/v7e-m+fp/hard\libc.a
LOAD C:/ST/STM32CubeIDE_1.13.0/STM32CubeIDE/plugins/com.st.stm32cube.ide.mcu.externaltools.gnu-tools-for-stm32.13.3.rel1.win32_1.0.100.202509120712/tools/bin/../lib/gcc/arm-none-eabi/13.3.1/../../../../arm-none-eabi/lib/thumb/v7e-m+fp/hard\libm.a
LOAD C:/ST/STM32CubeIDE_1.13.0/STM32CubeIDE/plugins/com.st.stm32cube.ide.mcu.externaltools.gnu-tools-for-stm32.13.3.rel1.win32_1.0.100.202509120712/tools/bin/../lib/gcc/arm-none-eabi/13.3.1/thumb/v7e-m+fp/hard\libgcc.a

.debug_info     0x00000000     0x72c7
 .debug_info    0x00000000      0x2b4 ./Core/Src/gpio.o
 .debug_info    0x000002b4      0x5bb ./Core/Src/main.o
 .debug_info    0x0000086f      0xec0 ./Core/Src/quadspi.o
 .debug_info    0x0000172f      0x299 ./Core/Src/stm32f4xx_hal_msp.o
 .debug_info    0x000019c8      0x112 ./Core/Src/stm32f4xx_it.o
 .debug_info    0x00001ada      0x54a ./Core/Src/system_stm32f4xx.o
 .debug_info    0x00002024       0x30 ./Core/Startup/startup_stm32f446vetx.o
 .debug_info    0x00002054      0x99e ./Drivers/STM32F4xx_HAL_Driver/Src/stm32f4xx_hal.o
 .debug_info    0x000029f2      0xd64 ./Drivers/STM32F4xx_HAL_Driver/Src/stm32f4xx_hal_cortex.o
 .debug_info    0x00003756      0x8e7 ./Drivers/STM32F4xx_HAL_Driver/Src/stm32f4xx_hal_dma.o
 .debug_info    0x0000403d      0x70b ./Drivers/STM32F4xx_HAL_Driver/Src/stm32f4xx_hal_gpio.o
 .debug_info    0x00004748      0x6da ./Drivers/STM32F4xx_HAL_Driver/Src/stm32f4xx_hal_pwr_ex.o
 .debug_info    0x00004e22     0x1262 ./Drivers/STM32F4xx_HAL_Driver/Src/stm32f4xx_hal_qspi.o
 .debug_info    0x00006084      0x8ed ./Drivers/STM32F4xx_HAL_Driver/Src/stm32f4xx_hal_rcc.o
 .debug_info    0x00006971      0x956 ./Drivers/STM32F4xx_HAL_Driver/Src/stm32f4xx_hal_rcc_ex.o

.debug_abbrev   0x00000000     0x1ab3
 .debug_abbrev  0x00000000       0xd8 ./Core/Src/gpio.o
 .debug_abbrev  0x000000d8      0x210 ./Core/Src/main.o
 .debug_abbrev  0x000002e8      0x2cb ./Core/Src/quadspi.o
 .debug_abbrev  0x000005b3       0xd8 ./Core/Src/stm32f4xx_hal_msp.o
 .debug_abbrev  0x0000068b       0x73 ./Core/Src/stm32f4xx_it.o
 .debug_abbrev  0x000006fe      0x11a ./Core/Src/system_stm32f4xx.o
 .debug_abbrev  0x00000818       0x24 ./Core/Startup/startup_stm32f446vetx.o
 .debug_abbrev  0x0000083c      0x213 ./Drivers/STM32F4xx_HAL_Driver/Src/stm32f4xx_hal.o
 .debug_abbrev  0x00000a4f      0x327 ./Drivers/STM32F4xx_HAL_Driver/Src/stm32f4xx_hal_cortex.o
 .debug_abbrev  0x00000d76      0x264 ./Drivers/STM32F4xx_HAL_Driver/Src/stm32f4xx_hal_dma.o
 .debug_abbrev  0x00000fda      0x1d4 ./Drivers/STM32F4xx_HAL_Driver/Src/stm32f4xx_hal_gpio.o
 .debug_abbrev  0x000011ae      0x1cf ./Drivers/STM32F4xx_HAL_Driver/Src/stm32f4xx_hal_pwr_ex.o
 .debug_abbrev  0x0000137d      0x276 ./Drivers/STM32F4xx_HAL_Driver/Src/stm32f4xx_hal_qspi.o
 .debug_abbrev  0x000015f3      0x2b6 ./Drivers/STM32F4xx_HAL_Driver/Src/stm32f4xx_hal_rcc.o
 .debug_abbrev  0x000018a9      0x20a ./Drivers/STM32F4xx_HAL_Driver/Src/stm32f4xx_hal_rcc_ex.o

.debug_aranges  0x00000000      0x768
 .debug_aranges
                0x00000000       0x20 ./Core/Src/gpio.o
 .debug_aranges
                0x00000020       0x30 ./Core/Src/main.o
 .debug_aranges
                0x00000050       0x88 ./Core/Src/quadspi.o
 .debug_aranges
                0x000000d8       0x20 ./Core/Src/stm32f4xx_hal_msp.o
 .debug_aranges
                0x000000f8       0x60 ./Core/Src/stm32f4xx_it.o
 .debug_aranges
                0x00000158       0x28 ./Core/Src/system_stm32f4xx.o
 .debug_aranges
                0x00000180       0x28 ./Core/Startup/startup_stm32f446vetx.o
 .debug_aranges
                0x000001a8       0xf0 ./Drivers/STM32F4xx_HAL_Driver/Src/stm32f4xx_hal.o
 .debug_aranges
                0x00000298      0x118 ./Drivers/STM32F4xx_HAL_Driver/Src/stm32f4xx_hal_cortex.o
 .debug_aranges
                0x000003b0       0x90 ./Drivers/STM32F4xx_HAL_Driver/Src/stm32f4xx_hal_dma.o
 .debug_aranges
                0x00000440       0x58 ./Drivers/STM32F4xx_HAL_Driver/Src/stm32f4xx_hal_gpio.o
 .debug_aranges
                0x00000498       0x60 ./Drivers/STM32F4xx_HAL_Driver/Src/stm32f4xx_hal_pwr_ex.o
 .debug_aranges
                0x000004f8      0x170 ./Drivers/STM32F4xx_HAL_Driver/Src/stm32f4xx_hal_qspi.o
 .debug_aranges
                0x00000668       0x88 ./Drivers/STM32F4xx_HAL_Driver/Src/stm32f4xx_hal_rcc.o
 .debug_aranges
                0x000006f0       0x78 ./Drivers/STM32F4xx_HAL_Driver/Src/stm32f4xx_hal_rcc_ex.o

.debug_rnglists
                0x00000000      0x57c
 .debug_rnglists
                0x00000000       0x13 ./Core/Src/gpio.o
 .debug_rnglists
                0x00000013       0x20 ./Core/Src/main.o
 .debug_rnglists
                0x00000033       0x6a ./Core/Src/quadspi.o
 .debug_rnglists
                0x0000009d       0x13 ./Core/Src/stm32f4xx_hal_msp.o
 .debug_rnglists
                0x000000b0       0x43 ./Core/Src/stm32f4xx_it.o
 .debug_rnglists
                0x000000f3       0x1a ./Core/Src/system_stm32f4xx.o
 .debug_rnglists
                0x0000010d       0x19 ./Core/Startup/startup_stm32f446vetx.o
 .debug_rnglists
                0x00000126       0xaf ./Drivers/STM32F4xx_HAL_Driver/Src/stm32f4xx_hal.o
 .debug_rnglists
                0x000001d5       0xce ./Drivers/STM32F4xx_HAL_Driver/Src/stm32f4xx_hal_cortex.o
 .debug_rnglists
                0x000002a3       0x70 ./Drivers/STM32F4xx_HAL_Driver/Src/stm32f4xx_hal_dma.o
 .debug_rnglists
                0x00000313       0x3f ./Drivers/STM32F4xx_HAL_Driver/Src/stm32f4xx_hal_gpio.o
 .debug_rnglists
                0x00000352       0x47 ./Drivers/STM32F4xx_HAL_Driver/Src/stm32f4xx_hal_pwr_ex.o
 .debug_rnglists
                0x00000399      0x11f ./Drivers/STM32F4xx_HAL_Driver/Src/stm32f4xx_hal_qspi.o
 .debug_rnglists
                0x000004b8       0x66 ./Drivers/STM32F4xx_HAL_Driver/Src/stm32f4xx_hal_rcc.o
 .debug_rnglists
                0x0000051e       0x5e ./Drivers/STM32F4xx_HAL_Driver/Src/stm32f4xx_hal_rcc_ex.o

.debug_macro    0x00000000    0x21248
 .debug_macro   0x00000000      0x1ce ./Core/Src/gpio.o
 .debug_macro   0x000001ce      0xad8 ./Core/Src/gpio.o
 .debug_macro   0x00000ca6      0x295 ./Core/Src/gpio.o
 .debug_macro   0x00000f3b       0x2e ./Core/Src/gpio.o
 .debug_macro   0x00000f69       0x28 ./Core/Src/gpio.o
 .debug_macro   0x00000f91       0x22 ./Core/Src/gpio.o
 .debug_macro   0x00000fb3       0x8e ./Core/Src/gpio.o
 .debug_macro   0x00001041       0x51 ./Core/Src/gpio.o
 .debug_macro   0x00001092      0x103 ./Core/Src/gpio.o
 .debug_macro   0x00001195       0x6a ./Core/Src/gpio.o
 .debug_macro   0x000011ff      0x1df ./Core/Src/gpio.o
 .debug_macro   0x000013de       0x1c ./Core/Src/gpio.o
 .debug_macro   0x000013fa       0x22 ./Core/Src/gpio.o
 .debug_macro   0x0000141c       0xd9 ./Core/Src/gpio.o
 .debug_macro   0x000014f5     0x102d ./Core/Src/gpio.o
 .debug_macro   0x00002522      0x11f ./Core/Src/gpio.o
 .debug_macro   0x00002641    0x16749 ./Core/Src/gpio.o
 .debug_macro   0x00018d8a       0x6d ./Core/Src/gpio.o
 .debug_macro   0x00018df7     0x367e ./Core/Src/gpio.o
 .debug_macro   0x0001c475      0x190 ./Core/Src/gpio.o
 .debug_macro   0x0001c605       0x5c ./Core/Src/gpio.o
 .debug_macro   0x0001c661      0xc90 ./Core/Src/gpio.o
 .debug_macro   0x0001d2f1      0x9fe ./Core/Src/gpio.o
 .debug_macro   0x0001dcef      0x115 ./Core/Src/gpio.o
 .debug_macro   0x0001de04      0x1a0 ./Core/Src/gpio.o
 .debug_macro   0x0001dfa4       0xa5 ./Core/Src/gpio.o
 .debug_macro   0x0001e049      0x16d ./Core/Src/gpio.o
 .debug_macro   0x0001e1b6      0x287 ./Core/Src/gpio.o
 .debug_macro   0x0001e43d       0x5f ./Core/Src/gpio.o
 .debug_macro   0x0001e49c      0x236 ./Core/Src/gpio.o
 .debug_macro   0x0001e6d2      0x132 ./Core/Src/gpio.o
 .debug_macro   0x0001e804      0x29c ./Core/Src/gpio.o
 .debug_macro   0x0001eaa0       0x2e ./Core/Src/gpio.o
 .debug_macro   0x0001eace      0x11a ./Core/Src/gpio.o
 .debug_macro   0x0001ebe8       0xe8 ./Core/Src/gpio.o
 .debug_macro   0x0001ecd0       0x89 ./Core/Src/gpio.o
 .debug_macro   0x0001ed59      0x2d4 ./Core/Src/gpio.o
 .debug_macro   0x0001f02d      0x126 ./Core/Src/gpio.o
 .debug_macro   0x0001f153      0x2af ./Core/Src/main.o
 .debug_macro   0x0001f402       0x82 ./Core/Src/main.o
 .debug_macro   0x0001f484       0x61 ./Core/Src/main.o
 .debug_macro   0x0001f4e5       0x2a ./Core/Src/main.o
 .debug_macro   0x0001f50f       0x43 ./Core/Src/main.o
 .debug_macro   0x0001f552       0x34 ./Core/Src/main.o
 .debug_macro   0x0001f586      0x370 ./Core/Src/main.o
 .debug_macro   0x0001f8f6       0x16 ./Core/Src/main.o
 .debug_macro   0x0001f90c       0x4a ./Core/Src/main.o
 .debug_macro   0x0001f956       0x34 ./Core/Src/main.o
 .debug_macro   0x0001f98a       0x10 ./Core/Src/main.o
 .debug_macro   0x0001f99a       0x58 ./Core/Src/main.o
 .debug_macro   0x0001f9f2       0x8e ./Core/Src/main.o
 .debug_macro   0x0001fa80       0x1c ./Core/Src/main.o
 .debug_macro   0x0001fa9c      0x185 ./Core/Src/main.o
 .debug_macro   0x0001fc21       0x10 ./Core/Src/main.o
 .debug_macro   0x0001fc31       0x3c ./Core/Src/main.o
 .debug_macro   0x0001fc6d       0x20 ./Core/Src/main.o
 .debug_macro   0x0001fc8d      0x1d3 ./Core/Src/quadspi.o
 .debug_macro   0x0001fe60      0x1c4 ./Core/Src/stm32f4xx_hal_msp.o
 .debug_macro   0x00020024      0x1ce ./Core/Src/stm32f4xx_it.o
 .debug_macro   0x000201f2      0x1ba ./Core/Src/system_stm32f4xx.o
 .debug_macro   0x000203ac      0x21a ./Drivers/STM32F4xx_HAL_Driver/Src/stm32f4xx_hal.o
 .debug_macro   0x000205c6      0x1ba ./Drivers/STM32F4xx_HAL_Driver/Src/stm32f4xx_hal_cortex.o
 .debug_macro   0x00020780      0x1c0 ./Drivers/STM32F4xx_HAL_Driver/Src/stm32f4xx_hal_dma.o
 .debug_macro   0x00020940      0x1c0 ./Drivers/STM32F4xx_HAL_Driver/Src/stm32f4xx_hal_gpio.o
 .debug_macro   0x00020b00      0x1d2 ./Drivers/STM32F4xx_HAL_Driver/Src/stm32f4xx_hal_pwr_ex.o
 .debug_macro   0x00020cd2      0x1de ./Drivers/STM32F4xx_HAL_Driver/Src/stm32f4xx_hal_qspi.o
 .debug_macro   0x00020eb0      0x1de ./Drivers/STM32F4xx_HAL_Driver/Src/stm32f4xx_hal_rcc.o
 .debug_macro   0x0002108e      0x1ba ./Drivers/STM32F4xx_HAL_Driver/Src/stm32f4xx_hal_rcc_ex.o

.debug_line     0x00000000     0xa69f
 .debug_line    0x00000000      0x71b ./Core/Src/gpio.o
 .debug_line    0x0000071b      0x95e ./Core/Src/main.o
 .debug_line    0x00001079      0xcaa ./Core/Src/quadspi.o
 .debug_line    0x00001d23      0x71e ./Core/Src/stm32f4xx_hal_msp.o
 .debug_line    0x00002441      0x7cc ./Core/Src/stm32f4xx_it.o
 .debug_line    0x00002c0d      0x7a2 ./Core/Src/system_stm32f4xx.o
 .debug_line    0x000033af       0x7a ./Core/Startup/startup_stm32f446vetx.o
 .debug_line    0x00003429      0xa0f ./Drivers/STM32F4xx_HAL_Driver/Src/stm32f4xx_hal.o
 .debug_line    0x00003e38      0xc9a ./Drivers/STM32F4xx_HAL_Driver/Src/stm32f4xx_hal_cortex.o
 .debug_line    0x00004ad2      0xf7b ./Drivers/STM32F4xx_HAL_Driver/Src/stm32f4xx_hal_dma.o
 .debug_line    0x00005a4d      0xb53 ./Drivers/STM32F4xx_HAL_Driver/Src/stm32f4xx_hal_gpio.o
 .debug_line    0x000065a0      0x97c ./Drivers/STM32F4xx_HAL_Driver/Src/stm32f4xx_hal_pwr_ex.o
 .debug_line    0x00006f1c     0x148f ./Drivers/STM32F4xx_HAL_Driver/Src/stm32f4xx_hal_qspi.o
 .debug_line    0x000083ab      0xe10 ./Drivers/STM32F4xx_HAL_Driver/Src/stm32f4xx_hal_rcc.o
 .debug_line    0x000091bb     0x14e4 ./Drivers/STM32F4xx_HAL_Driver/Src/stm32f4xx_hal_rcc_ex.o

.debug_str      0x00000000    0xc7bb6
 .debug_str     0x00000000    0xc7bb6 ./Core/Src/gpio.o
                              0xc1f2e (size before relaxing)
 .debug_str     0x000c7bb6        0x0 ./Core/Src/main.o
                              0xc55b6 (size before relaxing)
 .debug_str     0x000c7bb6        0x0 ./Core/Src/quadspi.o
                              0xc2a17 (size before relaxing)
 .debug_str     0x000c7bb6        0x0 ./Core/Src/stm32f4xx_hal_msp.o
                              0xc1f2e (size before relaxing)
 .debug_str     0x000c7bb6        0x0 ./Core/Src/stm32f4xx_it.o
                              0xc1e8f (size before relaxing)
 .debug_str     0x000c7bb6        0x0 ./Core/Src/system_stm32f4xx.o
                              0xc1fde (size before relaxing)
 .debug_str     0x000c7bb6        0x0 ./Core/Startup/startup_stm32f446vetx.o
                                 0x69 (size before relaxing)
 .debug_str     0x000c7bb6        0x0 ./Drivers/STM32F4xx_HAL_Driver/Src/stm32f4xx_hal.o
                              0xc2ba3 (size before relaxing)
 .debug_str     0x000c7bb6        0x0 ./Drivers/STM32F4xx_HAL_Driver/Src/stm32f4xx_hal_cortex.o
                              0xc28b1 (size before relaxing)
 .debug_str     0x000c7bb6        0x0 ./Drivers/STM32F4xx_HAL_Driver/Src/stm32f4xx_hal_dma.o
                              0xc23d3 (size before relaxing)
 .debug_str     0x000c7bb6        0x0 ./Drivers/STM32F4xx_HAL_Driver/Src/stm32f4xx_hal_gpio.o
                              0xc2159 (size before relaxing)
 .debug_str     0x000c7bb6        0x0 ./Drivers/STM32F4xx_HAL_Driver/Src/stm32f4xx_hal_pwr_ex.o
                              0xc21b6 (size before relaxing)
 .debug_str     0x000c7bb6        0x0 ./Drivers/STM32F4xx_HAL_Driver/Src/stm32f4xx_hal_qspi.o
                              0xc2a3a (size before relaxing)
 .debug_str     0x000c7bb6        0x0 ./Drivers/STM32F4xx_HAL_Driver/Src/stm32f4xx_hal_rcc.o
                              0xc2417 (size before relaxing)
 .debug_str     0x000c7bb6        0x0 ./Drivers/STM32F4xx_HAL_Driver/Src/stm32f4xx_hal_rcc_ex.o
                              0xc244a (size before relaxing)

.comment        0x00000000       0x43
 .comment       0x00000000       0x43 ./Core/Src/gpio.o
                                 0x44 (size before relaxing)
 .comment       0x00000043        0x0 ./Core/Src/main.o
                                 0x44 (size before relaxing)
 .comment       0x00000043        0x0 ./Core/Src/quadspi.o
                                 0x44 (size before relaxing)
 .comment       0x00000043        0x0 ./Core/Src/stm32f4xx_hal_msp.o
                                 0x44 (size before relaxing)
 .comment       0x00000043        0x0 ./Core/Src/stm32f4xx_it.o
                                 0x44 (size before relaxing)
 .comment       0x00000043        0x0 ./Core/Src/system_stm32f4xx.o
                                 0x44 (size before relaxing)
 .comment       0x00000043        0x0 ./Drivers/STM32F4xx_HAL_Driver/Src/stm32f4xx_hal.o
                                 0x44 (size before relaxing)
 .comment       0x00000043        0x0 ./Drivers/STM32F4xx_HAL_Driver/Src/stm32f4xx_hal_cortex.o
                                 0x44 (size before relaxing)
 .comment       0x00000043        0x0 ./Drivers/STM32F4xx_HAL_Driver/Src/stm32f4xx_hal_dma.o
                                 0x44 (size before relaxing)
 .comment       0x00000043        0x0 ./Drivers/STM32F4xx_HAL_Driver/Src/stm32f4xx_hal_gpio.o
                                 0x44 (size before relaxing)
 .comment       0x00000043        0x0 ./Drivers/STM32F4xx_HAL_Driver/Src/stm32f4xx_hal_pwr_ex.o
                                 0x44 (size before relaxing)
 .comment       0x00000043        0x0 ./Drivers/STM32F4xx_HAL_Driver/Src/stm32f4xx_hal_qspi.o
                                 0x44 (size before relaxing)
 .comment       0x00000043        0x0 ./Drivers/STM32F4xx_HAL_Driver/Src/stm32f4xx_hal_rcc.o
                                 0x44 (size before relaxing)
 .comment       0x00000043        0x0 ./Drivers/STM32F4xx_HAL_Driver/Src/stm32f4xx_hal_rcc_ex.o
                                 0x44 (size before relaxing)

.debug_frame    0x00000000     0x1c70
 .debug_frame   0x00000000       0x38 ./Core/Src/gpio.o
 .debug_frame   0x00000038       0x68 ./Core/Src/main.o
 .debug_frame   0x000000a0      0x1f8 ./Core/Src/quadspi.o
 .debug_frame   0x00000298       0x38 ./Core/Src/stm32f4xx_hal_msp.o
 .debug_frame   0x000002d0      0x104 ./Core/Src/stm32f4xx_it.o
 .debug_frame   0x000003d4       0x58 ./Core/Src/system_stm32f4xx.o
 .debug_frame   0x0000042c      0x374 ./Drivers/STM32F4xx_HAL_Driver/Src/stm32f4xx_hal.o
 .debug_frame   0x000007a0      0x498 ./Drivers/STM32F4xx_HAL_Driver/Src/stm32f4xx_hal_cortex.o
 .debug_frame   0x00000c38      0x250 ./Drivers/STM32F4xx_HAL_Driver/Src/stm32f4xx_hal_dma.o
 .debug_frame   0x00000e88      0x14c ./Drivers/STM32F4xx_HAL_Driver/Src/stm32f4xx_hal_gpio.o
 .debug_frame   0x00000fd4      0x14c ./Drivers/STM32F4xx_HAL_Driver/Src/stm32f4xx_hal_pwr_ex.o
 .debug_frame   0x00001120      0x6a0 ./Drivers/STM32F4xx_HAL_Driver/Src/stm32f4xx_hal_qspi.o
 .debug_frame   0x000017c0      0x1f4 ./Drivers/STM32F4xx_HAL_Driver/Src/stm32f4xx_hal_rcc.o
 .debug_frame   0x000019b4      0x1e8 ./Drivers/STM32F4xx_HAL_Driver/Src/stm32f4xx_hal_rcc_ex.o
 .debug_frame   0x00001b9c       0x20 C:/ST/STM32CubeIDE_1.13.0/STM32CubeIDE/plugins/com.st.stm32cube.ide.mcu.externaltools.gnu-tools-for-stm32.13.3.rel1.win32_1.0.100.202509120712/tools/bin/../lib/gcc/arm-none-eabi/13.3.1/../../../../arm-none-eabi/lib/thumb/v7e-m+fp/hard\libc_nano.a(libc_a-memset.o)
 .debug_frame   0x00001bbc       0x2c C:/ST/STM32CubeIDE_1.13.0/STM32CubeIDE/plugins/com.st.stm32cube.ide.mcu.externaltools.gnu-tools-for-stm32.13.3.rel1.win32_1.0.100.202509120712/tools/bin/../lib/gcc/arm-none-eabi/13.3.1/../../../../arm-none-eabi/lib/thumb/v7e-m+fp/hard\libc_nano.a(libc_a-init.o)
 .debug_frame   0x00001be8       0x28 C:/ST/STM32CubeIDE_1.13.0/STM32CubeIDE/plugins/com.st.stm32cube.ide.mcu.externaltools.gnu-tools-for-stm32.13.3.rel1.win32_1.0.100.202509120712/tools/bin/../lib/gcc/arm-none-eabi/13.3.1/../../../../arm-none-eabi/lib/thumb/v7e-m+fp/hard\libc_nano.a(libc_a-memcpy-stub.o)
 .debug_frame   0x00001c10       0x2c C:/ST/STM32CubeIDE_1.13.0/STM32CubeIDE/plugins/com.st.stm32cube.ide.mcu.externaltools.gnu-tools-for-stm32.13.3.rel1.win32_1.0.100.202509120712/tools/bin/../lib/gcc/arm-none-eabi/13.3.1/thumb/v7e-m+fp/hard\libgcc.a(_aeabi_uldivmod.o)
 .debug_frame   0x00001c3c       0x34 C:/ST/STM32CubeIDE_1.13.0/STM32CubeIDE/plugins/com.st.stm32cube.ide.mcu.externaltools.gnu-tools-for-stm32.13.3.rel1.win32_1.0.100.202509120712/tools/bin/../lib/gcc/arm-none-eabi/13.3.1/thumb/v7e-m+fp/hard\libgcc.a(_udivmoddi4.o)

.debug_line_str
                0x00000000       0x4d
 .debug_line_str
                0x00000000       0x4d ./Core/Startup/startup_stm32f446vetx.o
